NAME|PARENT|REF_NAME|ORIG_REF_NAME
candidate_lanes[0].lane_pe/codec/(null)[0].value4|candidate_lanes[0].lane_pe/codec|DSP48E2|DSP48E2
candidate_lanes[0].lane_pe/codec/(null)[0].value4__0|candidate_lanes[0].lane_pe/codec|DSP48E2|DSP48E2
candidate_lanes[0].lane_pe/codec/(null)[0].value4__0__0|candidate_lanes[0].lane_pe/codec|DSP48E2|DSP48E2
candidate_lanes[0].lane_pe/codec/(null)[0].value4__0__1|candidate_lanes[0].lane_pe/codec|DSP48E2|DSP48E2
candidate_lanes[0].lane_pe/codec/(null)[0].value4__1|candidate_lanes[0].lane_pe/codec|DSP48E2|DSP48E2
candidate_lanes[0].lane_pe/codec/(null)[0].value4__10|candidate_lanes[0].lane_pe/codec|DSP48E2|DSP48E2
candidate_lanes[0].lane_pe/codec/(null)[0].value4__11|candidate_lanes[0].lane_pe/codec|DSP48E2|DSP48E2
candidate_lanes[0].lane_pe/codec/(null)[0].value4__12|candidate_lanes[0].lane_pe/codec|DSP48E2|DSP48E2
candidate_lanes[0].lane_pe/codec/(null)[0].value4__13|candidate_lanes[0].lane_pe/codec|DSP48E2|DSP48E2
candidate_lanes[0].lane_pe/codec/(null)[0].value4__14|candidate_lanes[0].lane_pe/codec|DSP48E2|DSP48E2
candidate_lanes[0].lane_pe/codec/(null)[0].value4__15|candidate_lanes[0].lane_pe/codec|DSP48E2|DSP48E2
candidate_lanes[0].lane_pe/codec/(null)[0].value4__1__0|candidate_lanes[0].lane_pe/codec|DSP48E2|DSP48E2
candidate_lanes[0].lane_pe/codec/(null)[0].value4__1__1|candidate_lanes[0].lane_pe/codec|DSP48E2|DSP48E2
candidate_lanes[0].lane_pe/codec/(null)[0].value4__2|candidate_lanes[0].lane_pe/codec|DSP48E2|DSP48E2
candidate_lanes[0].lane_pe/codec/(null)[0].value4__2__0|candidate_lanes[0].lane_pe/codec|DSP48E2|DSP48E2
candidate_lanes[0].lane_pe/codec/(null)[0].value4__2__1|candidate_lanes[0].lane_pe/codec|DSP48E2|DSP48E2
candidate_lanes[0].lane_pe/codec/(null)[0].value4__3|candidate_lanes[0].lane_pe/codec|DSP48E2|DSP48E2
candidate_lanes[0].lane_pe/codec/(null)[0].value4__3__0|candidate_lanes[0].lane_pe/codec|DSP48E2|DSP48E2
candidate_lanes[0].lane_pe/codec/(null)[0].value4__3__1|candidate_lanes[0].lane_pe/codec|DSP48E2|DSP48E2
candidate_lanes[0].lane_pe/codec/(null)[0].value4__4|candidate_lanes[0].lane_pe/codec|DSP48E2|DSP48E2
candidate_lanes[0].lane_pe/codec/(null)[0].value4__4__0|candidate_lanes[0].lane_pe/codec|DSP48E2|DSP48E2
candidate_lanes[0].lane_pe/codec/(null)[0].value4__4__1|candidate_lanes[0].lane_pe/codec|DSP48E2|DSP48E2
candidate_lanes[0].lane_pe/codec/(null)[0].value4__5|candidate_lanes[0].lane_pe/codec|DSP48E2|DSP48E2
candidate_lanes[0].lane_pe/codec/(null)[0].value4__5__0|candidate_lanes[0].lane_pe/codec|DSP48E2|DSP48E2
candidate_lanes[0].lane_pe/codec/(null)[0].value4__5__1|candidate_lanes[0].lane_pe/codec|DSP48E2|DSP48E2
candidate_lanes[0].lane_pe/codec/(null)[0].value4__6|candidate_lanes[0].lane_pe/codec|DSP48E2|DSP48E2
candidate_lanes[0].lane_pe/codec/(null)[0].value4__6__0|candidate_lanes[0].lane_pe/codec|DSP48E2|DSP48E2
candidate_lanes[0].lane_pe/codec/(null)[0].value4__6__1|candidate_lanes[0].lane_pe/codec|DSP48E2|DSP48E2
candidate_lanes[0].lane_pe/codec/(null)[0].value4__7|candidate_lanes[0].lane_pe/codec|DSP48E2|DSP48E2
candidate_lanes[0].lane_pe/codec/(null)[0].value4__7__0|candidate_lanes[0].lane_pe/codec|DSP48E2|DSP48E2
candidate_lanes[0].lane_pe/codec/(null)[0].value4__8|candidate_lanes[0].lane_pe/codec|DSP48E2|DSP48E2
candidate_lanes[0].lane_pe/codec/(null)[0].value4__9|candidate_lanes[0].lane_pe/codec|DSP48E2|DSP48E2
candidate_lanes[0].lane_pe/codec/angular_temporary1|candidate_lanes[0].lane_pe/codec|DSP48E2|DSP48E2
candidate_lanes[0].lane_pe/codec/angular_temporary1__0|candidate_lanes[0].lane_pe/codec|DSP48E2|DSP48E2
candidate_lanes[0].lane_pe/codec/angular_temporary1__1|candidate_lanes[0].lane_pe/codec|DSP48E2|DSP48E2
candidate_lanes[0].lane_pe/codec/angular_temporary1__10|candidate_lanes[0].lane_pe/codec|DSP48E2|DSP48E2
candidate_lanes[0].lane_pe/codec/angular_temporary1__11|candidate_lanes[0].lane_pe/codec|DSP48E2|DSP48E2
candidate_lanes[0].lane_pe/codec/angular_temporary1__12|candidate_lanes[0].lane_pe/codec|DSP48E2|DSP48E2
candidate_lanes[0].lane_pe/codec/angular_temporary1__13|candidate_lanes[0].lane_pe/codec|DSP48E2|DSP48E2
candidate_lanes[0].lane_pe/codec/angular_temporary1__14|candidate_lanes[0].lane_pe/codec|DSP48E2|DSP48E2
candidate_lanes[0].lane_pe/codec/angular_temporary1__15|candidate_lanes[0].lane_pe/codec|DSP48E2|DSP48E2
candidate_lanes[0].lane_pe/codec/angular_temporary1__16|candidate_lanes[0].lane_pe/codec|DSP48E2|DSP48E2
candidate_lanes[0].lane_pe/codec/angular_temporary1__17|candidate_lanes[0].lane_pe/codec|DSP48E2|DSP48E2
candidate_lanes[0].lane_pe/codec/angular_temporary1__18|candidate_lanes[0].lane_pe/codec|DSP48E2|DSP48E2
candidate_lanes[0].lane_pe/codec/angular_temporary1__19|candidate_lanes[0].lane_pe/codec|DSP48E2|DSP48E2
candidate_lanes[0].lane_pe/codec/angular_temporary1__2|candidate_lanes[0].lane_pe/codec|DSP48E2|DSP48E2
candidate_lanes[0].lane_pe/codec/angular_temporary1__20|candidate_lanes[0].lane_pe/codec|DSP48E2|DSP48E2
candidate_lanes[0].lane_pe/codec/angular_temporary1__21|candidate_lanes[0].lane_pe/codec|DSP48E2|DSP48E2
candidate_lanes[0].lane_pe/codec/angular_temporary1__22|candidate_lanes[0].lane_pe/codec|DSP48E2|DSP48E2
candidate_lanes[0].lane_pe/codec/angular_temporary1__23|candidate_lanes[0].lane_pe/codec|DSP48E2|DSP48E2
candidate_lanes[0].lane_pe/codec/angular_temporary1__24|candidate_lanes[0].lane_pe/codec|DSP48E2|DSP48E2
candidate_lanes[0].lane_pe/codec/angular_temporary1__25|candidate_lanes[0].lane_pe/codec|DSP48E2|DSP48E2
candidate_lanes[0].lane_pe/codec/angular_temporary1__26|candidate_lanes[0].lane_pe/codec|DSP48E2|DSP48E2
candidate_lanes[0].lane_pe/codec/angular_temporary1__27|candidate_lanes[0].lane_pe/codec|DSP48E2|DSP48E2
candidate_lanes[0].lane_pe/codec/angular_temporary1__28|candidate_lanes[0].lane_pe/codec|DSP48E2|DSP48E2
candidate_lanes[0].lane_pe/codec/angular_temporary1__29|candidate_lanes[0].lane_pe/codec|DSP48E2|DSP48E2
candidate_lanes[0].lane_pe/codec/angular_temporary1__3|candidate_lanes[0].lane_pe/codec|DSP48E2|DSP48E2
candidate_lanes[0].lane_pe/codec/angular_temporary1__30|candidate_lanes[0].lane_pe/codec|DSP48E2|DSP48E2
candidate_lanes[0].lane_pe/codec/angular_temporary1__4|candidate_lanes[0].lane_pe/codec|DSP48E2|DSP48E2
candidate_lanes[0].lane_pe/codec/angular_temporary1__5|candidate_lanes[0].lane_pe/codec|DSP48E2|DSP48E2
candidate_lanes[0].lane_pe/codec/angular_temporary1__6|candidate_lanes[0].lane_pe/codec|DSP48E2|DSP48E2
candidate_lanes[0].lane_pe/codec/angular_temporary1__7|candidate_lanes[0].lane_pe/codec|DSP48E2|DSP48E2
candidate_lanes[0].lane_pe/codec/angular_temporary1__8|candidate_lanes[0].lane_pe/codec|DSP48E2|DSP48E2
candidate_lanes[0].lane_pe/codec/angular_temporary1__9|candidate_lanes[0].lane_pe/codec|DSP48E2|DSP48E2
candidate_lanes[0].lane_pe/codec/angular_temporary3|candidate_lanes[0].lane_pe/codec|DSP48E2|DSP48E2
candidate_lanes[0].lane_pe/codec/angular_temporary3__0|candidate_lanes[0].lane_pe/codec|DSP48E2|DSP48E2
candidate_lanes[0].lane_pe/codec/angular_temporary3__1|candidate_lanes[0].lane_pe/codec|DSP48E2|DSP48E2
candidate_lanes[0].lane_pe/codec/angular_temporary3__10|candidate_lanes[0].lane_pe/codec|DSP48E2|DSP48E2
candidate_lanes[0].lane_pe/codec/angular_temporary3__11|candidate_lanes[0].lane_pe/codec|DSP48E2|DSP48E2
candidate_lanes[0].lane_pe/codec/angular_temporary3__12|candidate_lanes[0].lane_pe/codec|DSP48E2|DSP48E2
candidate_lanes[0].lane_pe/codec/angular_temporary3__13|candidate_lanes[0].lane_pe/codec|DSP48E2|DSP48E2
candidate_lanes[0].lane_pe/codec/angular_temporary3__14|candidate_lanes[0].lane_pe/codec|DSP48E2|DSP48E2
candidate_lanes[0].lane_pe/codec/angular_temporary3__15|candidate_lanes[0].lane_pe/codec|DSP48E2|DSP48E2
candidate_lanes[0].lane_pe/codec/angular_temporary3__16|candidate_lanes[0].lane_pe/codec|DSP48E2|DSP48E2
candidate_lanes[0].lane_pe/codec/angular_temporary3__17|candidate_lanes[0].lane_pe/codec|DSP48E2|DSP48E2
candidate_lanes[0].lane_pe/codec/angular_temporary3__18|candidate_lanes[0].lane_pe/codec|DSP48E2|DSP48E2
candidate_lanes[0].lane_pe/codec/angular_temporary3__19|candidate_lanes[0].lane_pe/codec|DSP48E2|DSP48E2
candidate_lanes[0].lane_pe/codec/angular_temporary3__2|candidate_lanes[0].lane_pe/codec|DSP48E2|DSP48E2
candidate_lanes[0].lane_pe/codec/angular_temporary3__20|candidate_lanes[0].lane_pe/codec|DSP48E2|DSP48E2
candidate_lanes[0].lane_pe/codec/angular_temporary3__21|candidate_lanes[0].lane_pe/codec|DSP48E2|DSP48E2
candidate_lanes[0].lane_pe/codec/angular_temporary3__22|candidate_lanes[0].lane_pe/codec|DSP48E2|DSP48E2
candidate_lanes[0].lane_pe/codec/angular_temporary3__23|candidate_lanes[0].lane_pe/codec|DSP48E2|DSP48E2
candidate_lanes[0].lane_pe/codec/angular_temporary3__24|candidate_lanes[0].lane_pe/codec|DSP48E2|DSP48E2
candidate_lanes[0].lane_pe/codec/angular_temporary3__25|candidate_lanes[0].lane_pe/codec|DSP48E2|DSP48E2
candidate_lanes[0].lane_pe/codec/angular_temporary3__26|candidate_lanes[0].lane_pe/codec|DSP48E2|DSP48E2
candidate_lanes[0].lane_pe/codec/angular_temporary3__27|candidate_lanes[0].lane_pe/codec|DSP48E2|DSP48E2
candidate_lanes[0].lane_pe/codec/angular_temporary3__28|candidate_lanes[0].lane_pe/codec|DSP48E2|DSP48E2
candidate_lanes[0].lane_pe/codec/angular_temporary3__29|candidate_lanes[0].lane_pe/codec|DSP48E2|DSP48E2
candidate_lanes[0].lane_pe/codec/angular_temporary3__3|candidate_lanes[0].lane_pe/codec|DSP48E2|DSP48E2
candidate_lanes[0].lane_pe/codec/angular_temporary3__30|candidate_lanes[0].lane_pe/codec|DSP48E2|DSP48E2
candidate_lanes[0].lane_pe/codec/angular_temporary3__4|candidate_lanes[0].lane_pe/codec|DSP48E2|DSP48E2
candidate_lanes[0].lane_pe/codec/angular_temporary3__5|candidate_lanes[0].lane_pe/codec|DSP48E2|DSP48E2
candidate_lanes[0].lane_pe/codec/angular_temporary3__6|candidate_lanes[0].lane_pe/codec|DSP48E2|DSP48E2
candidate_lanes[0].lane_pe/codec/angular_temporary3__7|candidate_lanes[0].lane_pe/codec|DSP48E2|DSP48E2
candidate_lanes[0].lane_pe/codec/angular_temporary3__8|candidate_lanes[0].lane_pe/codec|DSP48E2|DSP48E2
candidate_lanes[0].lane_pe/codec/angular_temporary3__9|candidate_lanes[0].lane_pe/codec|DSP48E2|DSP48E2
candidate_lanes[0].lane_pe/codec/clip164|candidate_lanes[0].lane_pe/codec|DSP48E2|DSP48E2
candidate_lanes[0].lane_pe/codec/clip164__0|candidate_lanes[0].lane_pe/codec|DSP48E2|DSP48E2
candidate_lanes[0].lane_pe/codec/clip164__0__0|candidate_lanes[0].lane_pe/codec|DSP48E2|DSP48E2
candidate_lanes[0].lane_pe/codec/clip164__0__0__0|candidate_lanes[0].lane_pe/codec|DSP48E2|DSP48E2
candidate_lanes[0].lane_pe/codec/clip164__1|candidate_lanes[0].lane_pe/codec|DSP48E2|DSP48E2
candidate_lanes[0].lane_pe/codec/clip164__10|candidate_lanes[0].lane_pe/codec|DSP48E2|DSP48E2
candidate_lanes[0].lane_pe/codec/clip164__10__0|candidate_lanes[0].lane_pe/codec|DSP48E2|DSP48E2
candidate_lanes[0].lane_pe/codec/clip164__11|candidate_lanes[0].lane_pe/codec|DSP48E2|DSP48E2
candidate_lanes[0].lane_pe/codec/clip164__11__0|candidate_lanes[0].lane_pe/codec|DSP48E2|DSP48E2
candidate_lanes[0].lane_pe/codec/clip164__12|candidate_lanes[0].lane_pe/codec|DSP48E2|DSP48E2
candidate_lanes[0].lane_pe/codec/clip164__12__0|candidate_lanes[0].lane_pe/codec|DSP48E2|DSP48E2
candidate_lanes[0].lane_pe/codec/clip164__13|candidate_lanes[0].lane_pe/codec|DSP48E2|DSP48E2
candidate_lanes[0].lane_pe/codec/clip164__14|candidate_lanes[0].lane_pe/codec|DSP48E2|DSP48E2
candidate_lanes[0].lane_pe/codec/clip164__15|candidate_lanes[0].lane_pe/codec|DSP48E2|DSP48E2
candidate_lanes[0].lane_pe/codec/clip164__1__0|candidate_lanes[0].lane_pe/codec|DSP48E2|DSP48E2
candidate_lanes[0].lane_pe/codec/clip164__1__0__0|candidate_lanes[0].lane_pe/codec|DSP48E2|DSP48E2
candidate_lanes[0].lane_pe/codec/clip164__2|candidate_lanes[0].lane_pe/codec|DSP48E2|DSP48E2
candidate_lanes[0].lane_pe/codec/clip164__2__0|candidate_lanes[0].lane_pe/codec|DSP48E2|DSP48E2
candidate_lanes[0].lane_pe/codec/clip164__3|candidate_lanes[0].lane_pe/codec|DSP48E2|DSP48E2
candidate_lanes[0].lane_pe/codec/clip164__3__0|candidate_lanes[0].lane_pe/codec|DSP48E2|DSP48E2
candidate_lanes[0].lane_pe/codec/clip164__4|candidate_lanes[0].lane_pe/codec|DSP48E2|DSP48E2
candidate_lanes[0].lane_pe/codec/clip164__4__0|candidate_lanes[0].lane_pe/codec|DSP48E2|DSP48E2
candidate_lanes[0].lane_pe/codec/clip164__5|candidate_lanes[0].lane_pe/codec|DSP48E2|DSP48E2
candidate_lanes[0].lane_pe/codec/clip164__5__0|candidate_lanes[0].lane_pe/codec|DSP48E2|DSP48E2
candidate_lanes[0].lane_pe/codec/clip164__6|candidate_lanes[0].lane_pe/codec|DSP48E2|DSP48E2
candidate_lanes[0].lane_pe/codec/clip164__6__0|candidate_lanes[0].lane_pe/codec|DSP48E2|DSP48E2
candidate_lanes[0].lane_pe/codec/clip164__7|candidate_lanes[0].lane_pe/codec|DSP48E2|DSP48E2
candidate_lanes[0].lane_pe/codec/clip164__7__0|candidate_lanes[0].lane_pe/codec|DSP48E2|DSP48E2
candidate_lanes[0].lane_pe/codec/clip164__8|candidate_lanes[0].lane_pe/codec|DSP48E2|DSP48E2
candidate_lanes[0].lane_pe/codec/clip164__8__0|candidate_lanes[0].lane_pe/codec|DSP48E2|DSP48E2
candidate_lanes[0].lane_pe/codec/clip164__9|candidate_lanes[0].lane_pe/codec|DSP48E2|DSP48E2
candidate_lanes[0].lane_pe/codec/clip164__9__0|candidate_lanes[0].lane_pe/codec|DSP48E2|DSP48E2
candidate_lanes[0].lane_pe/codec/distortion1|candidate_lanes[0].lane_pe/codec|DSP48E2|DSP48E2
candidate_lanes[0].lane_pe/codec/distortion10|candidate_lanes[0].lane_pe/codec|DSP48E2|DSP48E2
candidate_lanes[0].lane_pe/codec/distortion10__0|candidate_lanes[0].lane_pe/codec|DSP48E2|DSP48E2
candidate_lanes[0].lane_pe/codec/distortion10__1|candidate_lanes[0].lane_pe/codec|DSP48E2|DSP48E2
candidate_lanes[0].lane_pe/codec/distortion11|candidate_lanes[0].lane_pe/codec|DSP48E2|DSP48E2
candidate_lanes[0].lane_pe/codec/distortion11__0|candidate_lanes[0].lane_pe/codec|DSP48E2|DSP48E2
candidate_lanes[0].lane_pe/codec/distortion11__1|candidate_lanes[0].lane_pe/codec|DSP48E2|DSP48E2
candidate_lanes[0].lane_pe/codec/distortion12|candidate_lanes[0].lane_pe/codec|DSP48E2|DSP48E2
candidate_lanes[0].lane_pe/codec/distortion12__0|candidate_lanes[0].lane_pe/codec|DSP48E2|DSP48E2
candidate_lanes[0].lane_pe/codec/distortion12__1|candidate_lanes[0].lane_pe/codec|DSP48E2|DSP48E2
candidate_lanes[0].lane_pe/codec/distortion13|candidate_lanes[0].lane_pe/codec|DSP48E2|DSP48E2
candidate_lanes[0].lane_pe/codec/distortion13__0|candidate_lanes[0].lane_pe/codec|DSP48E2|DSP48E2
candidate_lanes[0].lane_pe/codec/distortion13__1|candidate_lanes[0].lane_pe/codec|DSP48E2|DSP48E2
candidate_lanes[0].lane_pe/codec/distortion14|candidate_lanes[0].lane_pe/codec|DSP48E2|DSP48E2
candidate_lanes[0].lane_pe/codec/distortion14__0|candidate_lanes[0].lane_pe/codec|DSP48E2|DSP48E2
candidate_lanes[0].lane_pe/codec/distortion14__1|candidate_lanes[0].lane_pe/codec|DSP48E2|DSP48E2
candidate_lanes[0].lane_pe/codec/distortion15|candidate_lanes[0].lane_pe/codec|DSP48E2|DSP48E2
candidate_lanes[0].lane_pe/codec/distortion15__0|candidate_lanes[0].lane_pe/codec|DSP48E2|DSP48E2
candidate_lanes[0].lane_pe/codec/distortion15__0__0|candidate_lanes[0].lane_pe/codec|DSP48E2|DSP48E2
candidate_lanes[0].lane_pe/codec/distortion15__1|candidate_lanes[0].lane_pe/codec|DSP48E2|DSP48E2
candidate_lanes[0].lane_pe/codec/distortion15__1__0|candidate_lanes[0].lane_pe/codec|DSP48E2|DSP48E2
candidate_lanes[0].lane_pe/codec/distortion15__2|candidate_lanes[0].lane_pe/codec|DSP48E2|DSP48E2
candidate_lanes[0].lane_pe/codec/distortion1__0|candidate_lanes[0].lane_pe/codec|DSP48E2|DSP48E2
candidate_lanes[0].lane_pe/codec/distortion1__1|candidate_lanes[0].lane_pe/codec|DSP48E2|DSP48E2
candidate_lanes[0].lane_pe/codec/distortion2|candidate_lanes[0].lane_pe/codec|DSP48E2|DSP48E2
candidate_lanes[0].lane_pe/codec/distortion2__0|candidate_lanes[0].lane_pe/codec|DSP48E2|DSP48E2
candidate_lanes[0].lane_pe/codec/distortion2__1|candidate_lanes[0].lane_pe/codec|DSP48E2|DSP48E2
candidate_lanes[0].lane_pe/codec/distortion3|candidate_lanes[0].lane_pe/codec|DSP48E2|DSP48E2
candidate_lanes[0].lane_pe/codec/distortion3__0|candidate_lanes[0].lane_pe/codec|DSP48E2|DSP48E2
candidate_lanes[0].lane_pe/codec/distortion3__1|candidate_lanes[0].lane_pe/codec|DSP48E2|DSP48E2
candidate_lanes[0].lane_pe/codec/distortion4|candidate_lanes[0].lane_pe/codec|DSP48E2|DSP48E2
candidate_lanes[0].lane_pe/codec/distortion4__0|candidate_lanes[0].lane_pe/codec|DSP48E2|DSP48E2
candidate_lanes[0].lane_pe/codec/distortion4__1|candidate_lanes[0].lane_pe/codec|DSP48E2|DSP48E2
candidate_lanes[0].lane_pe/codec/distortion5|candidate_lanes[0].lane_pe/codec|DSP48E2|DSP48E2
candidate_lanes[0].lane_pe/codec/distortion5__0|candidate_lanes[0].lane_pe/codec|DSP48E2|DSP48E2
candidate_lanes[0].lane_pe/codec/distortion5__1|candidate_lanes[0].lane_pe/codec|DSP48E2|DSP48E2
candidate_lanes[0].lane_pe/codec/distortion6|candidate_lanes[0].lane_pe/codec|DSP48E2|DSP48E2
candidate_lanes[0].lane_pe/codec/distortion6__0|candidate_lanes[0].lane_pe/codec|DSP48E2|DSP48E2
candidate_lanes[0].lane_pe/codec/distortion6__1|candidate_lanes[0].lane_pe/codec|DSP48E2|DSP48E2
candidate_lanes[0].lane_pe/codec/distortion7|candidate_lanes[0].lane_pe/codec|DSP48E2|DSP48E2
candidate_lanes[0].lane_pe/codec/distortion7__0|candidate_lanes[0].lane_pe/codec|DSP48E2|DSP48E2
candidate_lanes[0].lane_pe/codec/distortion7__1|candidate_lanes[0].lane_pe/codec|DSP48E2|DSP48E2
candidate_lanes[0].lane_pe/codec/distortion8|candidate_lanes[0].lane_pe/codec|DSP48E2|DSP48E2
candidate_lanes[0].lane_pe/codec/distortion8__0|candidate_lanes[0].lane_pe/codec|DSP48E2|DSP48E2
candidate_lanes[0].lane_pe/codec/distortion8__1|candidate_lanes[0].lane_pe/codec|DSP48E2|DSP48E2
candidate_lanes[0].lane_pe/codec/distortion9|candidate_lanes[0].lane_pe/codec|DSP48E2|DSP48E2
candidate_lanes[0].lane_pe/codec/distortion9__0|candidate_lanes[0].lane_pe/codec|DSP48E2|DSP48E2
candidate_lanes[0].lane_pe/codec/distortion9__1|candidate_lanes[0].lane_pe/codec|DSP48E2|DSP48E2
candidate_lanes[0].lane_pe/rd_cost/multi_stage.rate_stage00|candidate_lanes[0].lane_pe/rd_cost|DSP48E2|DSP48E2
candidate_lanes[0].lane_pe/rd_cost/multi_stage.rate_stage0_reg|candidate_lanes[0].lane_pe/rd_cost|DSP48E2|DSP48E2
